[INFO] 02:10:41 | ======================================================================
[INFO] 02:10:41 | LIVE SWITCHOVER V5.2 FIXED  |  version=5.2.0-fixed
[INFO] 02:10:41 | AGENTS_ROOT=/mnt/agents  OUTPUT_DIR=/mnt/agents/output
[INFO] 02:10:41 | API_BASE=http://localhost:8888  NEW_API_BASE=http://localhost:8889
[INFO] 02:10:41 | KERNEL_SERVER_PATH=/app/kernel_server.py
[INFO] 02:10:41 | S6_SERVICE_PATH=/run/s6-rc:s6-rc-init:PPkEhF/servicedirs/kernel-server
[INFO] 02:10:41 | DRY_RUN=False
[INFO] 02:10:41 | ======================================================================
[INFO] 02:10:41 | Initial health: {"success": true, "kernel_alive": true, "kernel_pid": 382, "connection_file": "/tmp/tmpx7jg80e3.json", "client_connected": true}
[INFO] 02:10:41 | 
[INFO] 02:10:41 | >>> TRYING: s6 Service Restart
[INFO] 02:10:41 | === APPROACH 4: s6 Service Restart ===
[INFO] 02:10:41 | Stopping service /run/s6-rc:s6-rc-init:PPkEhF/servicedirs/kernel-server ...
[INFO] 02:10:41 | s6-svc -d: rc=111 stderr=s6-svc: fatal: unable to control /run/s6-rc:s6-rc-init:PPkEhF/servicedirs/kernel-server: Permission denied

[INFO] 02:10:44 | Starting service /run/s6-rc:s6-rc-init:PPkEhF/servicedirs/kernel-server ...
[INFO] 02:10:44 | s6-svc -u: rc=111 stderr=s6-svc: fatal: unable to control /run/s6-rc:s6-rc-init:PPkEhF/servicedirs/kernel-server: Permission denied

[INFO] 02:10:44 | Service back and healthy after 1s
[SUCCESS] 02:10:44 | APPROACH 4 SUCCESS
[SUCCESS] 02:10:44 | >>> s6 Service Restart SUCCEEDED
[INFO] 02:10:44 | 
[INFO] 02:10:44 | === FINAL STABILITY CHECK (5x) ===
[INFO] 02:10:44 | Health check 1/5: HEALTHY | {"success": true, "kernel_alive": true, "kernel_pid": 382, "connection_file": "/tmp/tmpx7jg80e3.json", "client_connected": true}
[SUCCESS] 02:10:44 | SYSTEM STABLE - Switchover complete.
[INFO] 02:13:47 | ======================================================================
[INFO] 02:13:47 | LIVE SWITCHOVER V5.3 FIXED  |  version=5.3.0-fixed
[INFO] 02:13:47 | AGENTS_ROOT=/mnt/agents  OUTPUT_DIR=/mnt/agents/output
[INFO] 02:13:47 | API_BASE=http://localhost:8888  NEW_API_BASE=http://localhost:8889
[INFO] 02:13:47 | KERNEL_SERVER_PATH=/app/kernel_server.py
[INFO] 02:13:47 | S6_SERVICE_PATH=/run/s6-rc:s6-rc-init:PPkEhF/servicedirs/kernel-server
[INFO] 02:13:47 | DRY_RUN=False
[INFO] 02:13:47 | ======================================================================
[INFO] 02:13:47 | Initial health: {"success": true, "kernel_alive": true, "kernel_pid": 382, "connection_file": "/tmp/tmpx7jg80e3.json", "client_connected": true}
[INFO] 02:13:47 | 
[INFO] 02:13:47 | >>> TRYING: s6 Service Restart
[INFO] 02:13:47 | === APPROACH 4: s6 Service Restart ===
[WARN] 02:13:47 | s6 permission test failed: s6-svstat: fatal: unable to check /run/s6-rc:s6-rc-init:PPkEhF/servicedirs/kernel-server: Permission denied

[WARN] 02:13:47 | >>> s6 Service Restart failed, trying next...
[INFO] 02:13:47 | 
[INFO] 02:13:47 | >>> TRYING: IPython Kernel Reload
[INFO] 02:13:47 | === APPROACH 0: IPython Kernel Reload ===
[INFO] 02:13:47 | Using connection file: /tmp/tmpx7jg80e3.json
[INFO] 02:13:47 | Connection file keys: ['shell_port', 'iopub_port', 'stdin_port', 'control_port', 'hb_port', 'ip', 'key', 'transport', 'signature_scheme', 'kernel_name']
[INFO] 02:13:50 | IPython reload result: ok=True rc=0
[INFO] 02:13:50 | IPython stdout: SUCCESS

[SUCCESS] 02:13:52 | APPROACH 0 SUCCESS (IPython reload)
[SUCCESS] 02:13:52 | >>> IPython Kernel Reload SUCCEEDED
[INFO] 02:13:52 | 
[INFO] 02:13:52 | === FINAL STABILITY CHECK (5x) ===
[INFO] 02:13:52 | Health check 1/5: HEALTHY | {"success": true, "kernel_alive": true, "kernel_pid": 382, "connection_file": "/tmp/tmpx7jg80e3.json", "client_connected": true}
[SUCCESS] 02:13:52 | SYSTEM STABLE - Switchover complete.
